Drill report for /home/olivier/Kicad_Projects/AA2380V1/AA2380V1.kicad_pcb
Created on ven. 08 mars 2019 17:43:54 CET

Copper Layer Stackup:
    =============================================================
    L1 :  Front                     front
    L2 :  GND                       in1
    L3 :  Power                     in2
    L4 :  Back                      back


Drill file 'AA2380V1.drl' contains
    plated through holes:
    =============================================================
    T1  0,30mm  0,012"  (1440 holes)
    T2  0,40mm  0,016"  (16 holes)
    T3  0,46mm  0,018"  (6 holes)
    T4  0,50mm  0,020"  (48 holes)
    T5  0,75mm  0,030"  (8 holes)
    T6  0,90mm  0,035"  (8 holes)
    T7  1,00mm  0,039"  (114 holes)
    T8  1,02mm  0,040"  (10 holes)
    T9  1,20mm  0,047"  (2 holes)  (with 2 slots)
    T10  2,10mm  0,083"  (8 holes)
    T11  3,20mm  0,126"  (6 holes)

    Total plated holes count 1666


Not plated through holes are merged with plated holes
    unplated through holes:
    =============================================================

    Total unplated holes count 0
